5
20
10
20
30
Hello, World!
42
1
2
3
1
2
3
1
2
3
Hello, Alice
